ARM Linker, 5.03 [Build 24] [MDK-ARM Lite]

==============================================================================

Section Cross References

    prime.o(RESET) refers to prime.o(mycode) for Reset_Handler
    prime.o(mycode) refers to prime.o(data) for RESULT


==============================================================================

Image Symbol Table

    Local Symbols

    Symbol Name                              Value     Ov Type        Size  Object(Section)

    RESET                                    0x00000000   Section        8  prime.o(RESET)
    prime.s                                  0x00000000   Number         0  prime.o ABSOLUTE
    mycode                                   0x00000008   Section       72  prime.o(mycode)
    N                                        0x00000044   Data           4  prime.o(mycode)
    data                                     0x10000000   Section       84  prime.o(data)
    RESULT                                   0x10000000   Data           0  prime.o(data)

    Global Symbols

    Symbol Name                              Value     Ov Type        Size  Object(Section)

    BuildAttributes$$THM_ISAv4$P$D$K$B$S$PE$A:L22UL41UL21$X:L11$S22US41US21$IEEE1$IW$USESV6$~STKCKD$USESV7$~SHL$OSPACE$EBA8$STANDARDLIB$PRES8$EABIv2 0x00000000   Number         0  anon$$obj.o ABSOLUTE
    __Vectors                                0x00000000   Data           0  prime.o(RESET)
    Reset_Handler                            0x00000009   Thumb Code     0  prime.o(mycode)



==============================================================================

Memory Map of the image

  Image Entry point : 0x00000009

  Load Region LR_1 (Base: 0x00000000, Size: 0x000000a4, Max: 0xffffffff, ABSOLUTE)

    Execution Region ER_RO (Base: 0x00000000, Size: 0x00000050, Max: 0xffffffff, ABSOLUTE)

    Base Addr    Size         Type   Attr      Idx    E Section Name        Object

    0x00000000   0x00000008   Data   RO            1    RESET               prime.o
    0x00000008   0x00000048   Code   RO            2  * mycode              prime.o


    Execution Region ER_RW (Base: 0x10000000, Size: 0x00000054, Max: 0xffffffff, ABSOLUTE)

    Base Addr    Size         Type   Attr      Idx    E Section Name        Object

    0x10000000   0x00000054   Data   RW            3    data                prime.o


    Execution Region ER_ZI (Base: 0x10000054, Size: 0x00000000, Max: 0xffffffff, ABSOLUTE)

    **** No section assigned to this execution region ****


==============================================================================

Image component sizes


      Code (inc. data)   RO Data    RW Data    ZI Data      Debug   Object Name

        72         12          8         84          0        224   prime.o

    ----------------------------------------------------------------------
        72         12          8         84          0        224   Object Totals
         0          0          0          0          0          0   (incl. Generated)
         0          0          0          0          0          0   (incl. Padding)

    ----------------------------------------------------------------------
         0          0          0          0          0          0   Library Totals
         0          0          0          0          0          0   (incl. Padding)

    ----------------------------------------------------------------------

==============================================================================


      Code (inc. data)   RO Data    RW Data    ZI Data      Debug   

        72         12          8         84          0        224   Grand Totals
        72         12          8         84          0        224   ELF Image Totals
        72         12          8         84          0          0   ROM Totals

==============================================================================

    Total RO  Size (Code + RO Data)                   80 (   0.08kB)
    Total RW  Size (RW Data + ZI Data)                84 (   0.08kB)
    Total ROM Size (Code + RO Data + RW Data)        164 (   0.16kB)

==============================================================================

