ARM Linker, 5.03 [Build 24] [MDK-ARM Lite]

==============================================================================

Section Cross References

    add32bit.o(RESET) refers to add32bit.o(mycode) for Reset_Handler
    add32bit.o(mycode) refers to add32bit.o(data) for DST


==============================================================================

Image Symbol Table

    Local Symbols

    Symbol Name                              Value     Ov Type        Size  Object(Section)

    RESET                                    0x00000000   Section        8  add32bit.o(RESET)
    ADD32BIT.s                               0x00000000   Number         0  add32bit.o ABSOLUTE
    mycode                                   0x00000008   Section       84  add32bit.o(mycode)
    SRC                                      0x0000002c   Data          40  add32bit.o(mycode)
    data                                     0x10000000   Section       40  add32bit.o(data)
    DST                                      0x10000000   Data          40  add32bit.o(data)

    Global Symbols

    Symbol Name                              Value     Ov Type        Size  Object(Section)

    BuildAttributes$$THM_ISAv4$P$D$K$B$S$PE$A:L22UL41UL21$X:L11$S22US41US21$IEEE1$IW$USESV6$~STKCKD$USESV7$~SHL$OSPACE$EBA8$STANDARDLIB$PRES8$EABIv2 0x00000000   Number         0  anon$$obj.o ABSOLUTE
    __Vectors                                0x00000000   Data           0  add32bit.o(RESET)
    Reset_Handler                            0x00000009   Thumb Code     0  add32bit.o(mycode)



==============================================================================

Memory Map of the image

  Image Entry point : 0x00000009

  Load Region LR_1 (Base: 0x00000000, Size: 0x00000084, Max: 0xffffffff, ABSOLUTE)

    Execution Region ER_RO (Base: 0x00000000, Size: 0x0000005c, Max: 0xffffffff, ABSOLUTE)

    Base Addr    Size         Type   Attr      Idx    E Section Name        Object

    0x00000000   0x00000008   Data   RO            1    RESET               add32bit.o
    0x00000008   0x00000054   Code   RO            2  * mycode              add32bit.o


    Execution Region ER_RW (Base: 0x10000000, Size: 0x00000028, Max: 0xffffffff, ABSOLUTE)

    Base Addr    Size         Type   Attr      Idx    E Section Name        Object

    0x10000000   0x00000028   Data   RW            3    data                add32bit.o


    Execution Region ER_ZI (Base: 0x10000028, Size: 0x00000000, Max: 0xffffffff, ABSOLUTE)

    **** No section assigned to this execution region ****


==============================================================================

Image component sizes


      Code (inc. data)   RO Data    RW Data    ZI Data      Debug   Object Name

        84         50          8         40          0        224   add32bit.o

    ----------------------------------------------------------------------
        84         50          8         40          0        224   Object Totals
         0          0          0          0          0          0   (incl. Generated)
         0          0          0          0          0          0   (incl. Padding)

    ----------------------------------------------------------------------
         0          0          0          0          0          0   Library Totals
         0          0          0          0          0          0   (incl. Padding)

    ----------------------------------------------------------------------

==============================================================================


      Code (inc. data)   RO Data    RW Data    ZI Data      Debug   

        84         50          8         40          0        224   Grand Totals
        84         50          8         40          0        224   ELF Image Totals
        84         50          8         40          0          0   ROM Totals

==============================================================================

    Total RO  Size (Code + RO Data)                   92 (   0.09kB)
    Total RW  Size (RW Data + ZI Data)                40 (   0.04kB)
    Total ROM Size (Code + RO Data + RW Data)        132 (   0.13kB)

==============================================================================

