


ARM Macro Assembler    Page 1 


    1 00000000                 AREA             RESET, DATA, READONLY
    2 00000000         
    3 00000000                 EXPORT           __Vectors
    4 00000000         
    5 00000000         __Vectors
    6 00000000         
    7 00000000 40001000        DCD              0x40001000  ;stack pointer valu
                                                            e when stack is emp
                                                            ty
    8 00000004         
    9 00000004 00000000        DCD              Reset_Handler ; reset vector
   10 00000008         
   11 00000008                 ALIGN
   12 00000008         
   13 00000008                 AREA             mycode, CODE, READONLY
   14 00000000         
   15 00000000                 ENTRY
   16 00000000         
   17 00000000                 EXPORT           Reset_Handler
   18 00000000         
   19 00000000         Reset_Handler
   20 00000000         
   21 00000000 4816            LDR              R0,= VAL1
   22 00000002         
   23 00000002 4917            LDR              R1,= VAL2
   24 00000004         
   25 00000004 4A17            LDR              R2,= RES
   26 00000006         
   27 00000006 F04F 0304       MOV              R3,#4
   28 0000000A         
   29 0000000A F04F 0400       MOV              R4,#0
   30 0000000E F04F 0900       LDR              R9,=0X0
   31 00000012         
   32 00000012         
   33 00000012 F384 8803       MSR              xPSR,R4
   34 00000016         
   35 00000016         
   36 00000016         
   37 00000016         BACK
   38 00000016 F850 4B04       LDR              R4,[R0],#4
   39 0000001A         
   40 0000001A F851 5B04       LDR              R5, [R1], #4
   41 0000001E         
   42 0000001E EB54 0605       ADCS             R6,R4,R5
   43 00000022         
   44 00000022         
   45 00000022         
   46 00000022         
   47 00000022 F842 6B04       STR              R6,[R2],#4
   48 00000026 F1A3 0301       SUB              R3, #1
   49 0000002A F093 0F00       TEQ              R3,#0
   50 0000002E         
   51 0000002E D1F2            BNE              BACK
   52 00000030 F149 0900       ADC              R9,#0
   53 00000034 F8C2 9000       STR              R9,[R2]
   54 00000038         
   55 00000038         
   56 00000038         
   57 00000038         



ARM Macro Assembler    Page 2 


   58 00000038 E7FE    STOP    B                STOP
   59 0000003A         
   60 0000003A 00 00 11111111 
              22222222 
              33333333 
              FFFFFFFF VAL1    DCD              0X11111111,0X22222222,0X3333333
3,0XFFFFFFFF
   61 0000004C         
   62 0000004C 55555555 
              66666666 
              77777777 
              88888888 VAL2    DCD              0X55555555,0X66666666,0X7777777
7,0X88888888
   63 0000005C         
   64 0000005C 00000000 
              00000000 
              00000000         AREA             data, DATA, READWRITE
   65 00000000         
   66 00000000 00000000 
              00000000 
              00000000 
              00000000 
              00000000 RES     DCD              0,0,0,0,0
   67 00000014         
   68 00000014         END
                       
Command Line: --debug --xref --cpu=Cortex-M3 --apcs=interwork --depend=ADD128.d
 -oADD128.o -IC:\Keil\ARM\RV31\INC -IC:\Keil\ARM\CMSIS\Include -IC:\Keil\ARM\In
c\NXP\LPC17xx --predefine="__EVAL SETA 1" --list=ADD128.lst ADD128.s



ARM Macro Assembler    Page 1 Alphabetic symbol ordering
Relocatable symbols

RESET 00000000

Symbol: RESET
   Definitions
      At line 1 in file ADD128.s
   Uses
      None
Comment: RESET unused
__Vectors 00000000

Symbol: __Vectors
   Definitions
      At line 5 in file ADD128.s
   Uses
      At line 3 in file ADD128.s
Comment: __Vectors used once
2 symbols



ARM Macro Assembler    Page 1 Alphabetic symbol ordering
Relocatable symbols

BACK 00000016

Symbol: BACK
   Definitions
      At line 37 in file ADD128.s
   Uses
      At line 51 in file ADD128.s
Comment: BACK used once
Reset_Handler 00000000

Symbol: Reset_Handler
   Definitions
      At line 19 in file ADD128.s
   Uses
      At line 9 in file ADD128.s
      At line 17 in file ADD128.s

STOP 00000038

Symbol: STOP
   Definitions
      At line 58 in file ADD128.s
   Uses
      At line 58 in file ADD128.s
Comment: STOP used once
VAL1 0000003C

Symbol: VAL1
   Definitions
      At line 60 in file ADD128.s
   Uses
      At line 21 in file ADD128.s
Comment: VAL1 used once
VAL2 0000004C

Symbol: VAL2
   Definitions
      At line 62 in file ADD128.s
   Uses
      At line 23 in file ADD128.s
Comment: VAL2 used once
mycode 00000000

Symbol: mycode
   Definitions
      At line 13 in file ADD128.s
   Uses
      None
Comment: mycode unused
6 symbols



ARM Macro Assembler    Page 1 Alphabetic symbol ordering
Relocatable symbols

END 00000014

Symbol: END
   Definitions
      At line 68 in file ADD128.s
   Uses
      None
Comment: END unused
RES 00000000

Symbol: RES
   Definitions
      At line 66 in file ADD128.s
   Uses
      At line 25 in file ADD128.s
Comment: RES used once
data 00000000

Symbol: data
   Definitions
      At line 64 in file ADD128.s
   Uses
      None
Comment: data unused
3 symbols
344 symbols in table
