


ARM Macro Assembler    Page 1 


    1 00000000                 AREA             RESET,DATA,READONLY
    2 00000000                 EXPORT           __Vectors
    3 00000000         __Vectors
    4 00000000 10000000        DCD              0x10000000
    5 00000004 00000000        DCD              Reset_Handler
    6 00000008                 ALIGN
    7 00000008                 AREA             mycode,CODE,READONLY
    8 00000000                 ENTRY
    9 00000000                 EXPORT           Reset_Handler
   10 00000000         
   11 00000000         Reset_Handler
   12 00000000 481E            LDR              R0,=SRC     ; Load address of s
                                                            ource array
   13 00000002 491F            LDR              R1,=DST     ; Load address of d
                                                            estination array
   14 00000004 F04F 020A       MOV              R2,#10      ; Counter for 10 64
                                                            -bit numbers
   15 00000008 F04F 0300       MOV              R3,#0       ; Initialize sum to
                                                             0
   16 0000000C F04F 0400       MOV              R4,#0       ; Initialize carry 
                                                            to 0
   17 00000010         
   18 00000010         ADD_LOOP
   19 00000010 F850 5B04       LDR              R5,[R0],#4  ; Load lower 32 bit
                                                            s
   20 00000014 F850 6B04       LDR              R6,[R0],#4  ; Load upper 32 bit
                                                            s
   21 00000018 195B            ADDS             R3,R3,R5    ; Add lower 32 bits
                                                             to sum
   22 0000001A EB44 0406       ADC              R4,R4,R6    ; Add upper 32 bits
                                                             to sum with carry
   23 0000001E 3A01            SUBS             R2,#1       ; Decrement counter
                                                            
   24 00000020 D1F6            BNE              ADD_LOOP    ; Continue if not z
                                                            ero
   25 00000022         
   26 00000022 F841 3B04       STR              R3,[R1],#4  ; Store lower 32 bi
                                                            ts of result
   27 00000026 600C            STR              R4,[R1]     ; Store upper 32 bi
                                                            ts of result
   28 00000028         
   29 00000028 E7FE    STOP    B                STOP
   30 0000002A         
   31 0000002A 00 00 11111111 
              22222222 
              33333333 
              44444444 
              55555555 
              66666666 
              77777777 
              88888888 
              99999999 
              AAAAAAAA SRC     DCD              0X11111111,0X22222222,0X3333333
3,0X44444444,0X55555555,0X66666666,0X77777777,0X88888888,0X99999999,0XAAAAAAAA
   32 00000054 11111111 
              22222222 
              33333333 
              44444444 
              55555555 



ARM Macro Assembler    Page 2 


              66666666 
              77777777 
              88888888 
              99999999 
              AAAAAAAA         DCD              0X11111111,0X22222222,0X3333333
3,0X44444444,0X55555555,0X66666666,0X77777777,0X88888888,0X99999999,0XAAAAAAAA
   33 0000007C 00000000 
              00000000         AREA             data,DATA,READWRITE
   34 00000000 00000000 
              00000000 DST     DCD              0,0
   35 00000008                 END
Command Line: --debug --xref --cpu=Cortex-M3 --apcs=interwork --depend=ADD64.d 
-oADD64.o -IC:\Keil\ARM\RV31\INC -IC:\Keil\ARM\CMSIS\Include -IC:\Keil\ARM\Inc\
NXP\LPC17xx --predefine="__EVAL SETA 1" --list=ADD64.lst ADD64.s



ARM Macro Assembler    Page 1 Alphabetic symbol ordering
Relocatable symbols

RESET 00000000

Symbol: RESET
   Definitions
      At line 1 in file ADD64.s
   Uses
      None
Comment: RESET unused
__Vectors 00000000

Symbol: __Vectors
   Definitions
      At line 3 in file ADD64.s
   Uses
      At line 2 in file ADD64.s
Comment: __Vectors used once
2 symbols



ARM Macro Assembler    Page 1 Alphabetic symbol ordering
Relocatable symbols

ADD_LOOP 00000010

Symbol: ADD_LOOP
   Definitions
      At line 18 in file ADD64.s
   Uses
      At line 24 in file ADD64.s
Comment: ADD_LOOP used once
Reset_Handler 00000000

Symbol: Reset_Handler
   Definitions
      At line 11 in file ADD64.s
   Uses
      At line 5 in file ADD64.s
      At line 9 in file ADD64.s

SRC 0000002C

Symbol: SRC
   Definitions
      At line 31 in file ADD64.s
   Uses
      At line 12 in file ADD64.s
Comment: SRC used once
STOP 00000028

Symbol: STOP
   Definitions
      At line 29 in file ADD64.s
   Uses
      At line 29 in file ADD64.s
Comment: STOP used once
mycode 00000000

Symbol: mycode
   Definitions
      At line 7 in file ADD64.s
   Uses
      None
Comment: mycode unused
5 symbols



ARM Macro Assembler    Page 1 Alphabetic symbol ordering
Relocatable symbols

DST 00000000

Symbol: DST
   Definitions
      At line 34 in file ADD64.s
   Uses
      At line 13 in file ADD64.s
Comment: DST used once
data 00000000

Symbol: data
   Definitions
      At line 33 in file ADD64.s
   Uses
      None
Comment: data unused
2 symbols
342 symbols in table
