


ARM Macro Assembler    Page 1 


    1 00000000                 AREA             RESET, DATA, READONLY
    2 00000000                 EXPORT           __Vectors
    3 00000000         __Vectors
    4 00000000 10000000        DCD              0X10000000
    5 00000004 00000000        DCD              Reset_Handler
    6 00000008                 ALIGN
    7 00000008                 AREA             mycode, CODE, READONLY
    8 00000000                 ENTRY
    9 00000000                 EXPORT           Reset_Handler
   10 00000000         Reset_Handler
   11 00000000 4C0C            LDR              R4, =N      ; Load the address 
                                                            of N (number of Fib
                                                            onacci numbers to g
                                                            enerate)
   12 00000002 6820            LDR              R0, [R4]    ; Load the value of
                                                             N into R0
   13 00000004 4D0C            LDR              R5, =RESULT ; Load the address 
                                                            where we'll store t
                                                            he results
   14 00000006 F04F 0101       MOV              R1, #1      ; First Fibonacci n
                                                            umber (F1)
   15 0000000A F04F 0201       MOV              R2, #1      ; Second Fibonacci 
                                                            number (F2)
   16 0000000E F04F 0300       MOV              R3, #0      ; Counter for loop
   17 00000012         LOOP
   18 00000012 EA4F 0783       LSL              R7, R3, #2  ; Multiply counter 
                                                            by 4 (shift left by
                                                             2) to get byte off
                                                            set
   19 00000016 EB05 0807       ADD              R8, R5, R7  ; Calculate the add
                                                            ress to store the c
                                                            urrent Fibonacci nu
                                                            mber
   20 0000001A F8C8 1000       STR              R1, [R8]    ; Store current Fib
                                                            onacci number
   21 0000001E F103 0301       ADD              R3, R3, #1  ; Increment counter
                                                            
   22 00000022 4283            CMP              R3, R0      ; Compare counter w
                                                            ith N
   23 00000024 DA03            BGE              STOP        ; If we've stored N
                                                             numbers, stop
   24 00000026 4616            MOV              R6, R2      ; Temporary storage
                                                             for R2
   25 00000028 440A            ADD              R2, R1, R2  ; Calculate next Fi
                                                            bonacci number
   26 0000002A 4631            MOV              R1, R6      ; R1 becomes previo
                                                            us R2
   27 0000002C E7F1            B                LOOP        ; Continue loop
   28 0000002E         STOP
   29 0000002E E7FE            B                STOP
   30 00000030 0000000A 
                       N       DCD              10          ; Generate first 10
                                                             Fibonacci numbers 
                                                            (change as needed)
   31 00000034 00000000 
              00000000         AREA             data, DATA, READWRITE
   32 00000000         RESULT
   33 00000000 00 00 00 
              00 00 00 



ARM Macro Assembler    Page 2 


              00 00 00 
              00 00 00 
              00 00 00 
              00 00 00 
              00 00 00 
              00 00 00 
              00 00 00 
              00 00 00 
              00 00 00 
              00 00 00 
              00 00 00 
              00               SPACE            40          ; Allocate space fo
                                                            r 10 32-bit integer
                                                            s
   34 00000028                 END
Command Line: --debug --xref --cpu=Cortex-M3 --apcs=interwork --depend=fib.d -o
fib.o -IC:\Keil\ARM\RV31\INC -IC:\Keil\ARM\CMSIS\Include -IC:\Keil\ARM\Inc\NXP\
LPC17xx --predefine="__EVAL SETA 1" --list=fib.lst fib.s



ARM Macro Assembler    Page 1 Alphabetic symbol ordering
Relocatable symbols

RESET 00000000

Symbol: RESET
   Definitions
      At line 1 in file fib.s
   Uses
      None
Comment: RESET unused
__Vectors 00000000

Symbol: __Vectors
   Definitions
      At line 3 in file fib.s
   Uses
      At line 2 in file fib.s
Comment: __Vectors used once
2 symbols



ARM Macro Assembler    Page 1 Alphabetic symbol ordering
Relocatable symbols

LOOP 00000012

Symbol: LOOP
   Definitions
      At line 17 in file fib.s
   Uses
      At line 27 in file fib.s
Comment: LOOP used once
N 00000030

Symbol: N
   Definitions
      At line 30 in file fib.s
   Uses
      At line 11 in file fib.s
Comment: N used once
Reset_Handler 00000000

Symbol: Reset_Handler
   Definitions
      At line 10 in file fib.s
   Uses
      At line 5 in file fib.s
      At line 9 in file fib.s

STOP 0000002E

Symbol: STOP
   Definitions
      At line 28 in file fib.s
   Uses
      At line 23 in file fib.s
      At line 29 in file fib.s

mycode 00000000

Symbol: mycode
   Definitions
      At line 7 in file fib.s
   Uses
      None
Comment: mycode unused
5 symbols



ARM Macro Assembler    Page 1 Alphabetic symbol ordering
Relocatable symbols

RESULT 00000000

Symbol: RESULT
   Definitions
      At line 32 in file fib.s
   Uses
      At line 13 in file fib.s
Comment: RESULT used once
data 00000000

Symbol: data
   Definitions
      At line 31 in file fib.s
   Uses
      None
Comment: data unused
2 symbols
342 symbols in table
