ARM Linker, 5.03 [Build 24] [MDK-ARM Lite]

==============================================================================

Section Cross References

    search.o(RESET) refers to search.o(mycode) for Reset_Handler
    search.o(mycode) refers to search.o(mydata) for DST


==============================================================================

Image Symbol Table

    Local Symbols

    Symbol Name                              Value     Ov Type        Size  Object(Section)

    RESET                                    0x00000000   Section        8  search.o(RESET)
    SEARCH.s                                 0x00000000   Number         0  search.o ABSOLUTE
    mycode                                   0x00000008   Section      116  search.o(mycode)
    SRC                                      0x00000048   Data          32  search.o(mycode)
    VAL                                      0x00000068   Data           4  search.o(mycode)
    mydata                                   0x10000000   Section       36  search.o(mydata)
    DST                                      0x10000000   Data          36  search.o(mydata)

    Global Symbols

    Symbol Name                              Value     Ov Type        Size  Object(Section)

    BuildAttributes$$THM_ISAv4$P$D$K$B$S$PE$A:L22UL41UL21$X:L11$S22US41US21$IEEE1$IW$USESV6$~STKCKD$USESV7$~SHL$OSPACE$EBA8$STANDARDLIB$PRES8$EABIv2 0x00000000   Number         0  anon$$obj.o ABSOLUTE
    __Vectors                                0x00000000   Data           0  search.o(RESET)
    Reset_Handler                            0x00000009   Thumb Code     0  search.o(mycode)



==============================================================================

Memory Map of the image

  Image Entry point : 0x00000009

  Load Region LR_1 (Base: 0x00000000, Size: 0x000000a0, Max: 0xffffffff, ABSOLUTE)

    Execution Region ER_RO (Base: 0x00000000, Size: 0x0000007c, Max: 0xffffffff, ABSOLUTE)

    Base Addr    Size         Type   Attr      Idx    E Section Name        Object

    0x00000000   0x00000008   Data   RO            1    RESET               search.o
    0x00000008   0x00000074   Code   RO            2  * mycode              search.o


    Execution Region ER_RW (Base: 0x10000000, Size: 0x00000024, Max: 0xffffffff, ABSOLUTE)

    Base Addr    Size         Type   Attr      Idx    E Section Name        Object

    0x10000000   0x00000024   Data   RW            3    mydata              search.o


    Execution Region ER_ZI (Base: 0x10000024, Size: 0x00000000, Max: 0xffffffff, ABSOLUTE)

    **** No section assigned to this execution region ****


==============================================================================

Image component sizes


      Code (inc. data)   RO Data    RW Data    ZI Data      Debug   Object Name

       116         54          8         36          0        228   search.o

    ----------------------------------------------------------------------
       116         54          8         36          0        228   Object Totals
         0          0          0          0          0          0   (incl. Generated)
         0          0          0          0          0          0   (incl. Padding)

    ----------------------------------------------------------------------
         0          0          0          0          0          0   Library Totals
         0          0          0          0          0          0   (incl. Padding)

    ----------------------------------------------------------------------

==============================================================================


      Code (inc. data)   RO Data    RW Data    ZI Data      Debug   

       116         54          8         36          0        228   Grand Totals
       116         54          8         36          0        228   ELF Image Totals
       116         54          8         36          0          0   ROM Totals

==============================================================================

    Total RO  Size (Code + RO Data)                  124 (   0.12kB)
    Total RW  Size (RW Data + ZI Data)                36 (   0.04kB)
    Total ROM Size (Code + RO Data + RW Data)        160 (   0.16kB)

==============================================================================

